Copyright 1986-2020 Xilinx, Inc. All Rights Reserved.
--------------------------------------------------------------------------------------
| Tool Version : Vivado v.2020.1 (lin64) Build 2902540 Wed May 27 19:54:35 MDT 2020
| Date         : Fri Dec  5 12:08:44 2025
| Host         : co2050-01.ece.iastate.edu running 64-bit unknown
| Command      : report_control_sets -verbose -file piped_mac_control_sets_placed.rpt
| Design       : piped_mac
| Device       : xc7z020
--------------------------------------------------------------------------------------

Control Set Information

Table of Contents
-----------------
1. Summary
2. Histogram
3. Flip-Flop Distribution
4. Detailed Control Set Information

1. Summary
----------

+----------------------------------------------------------+-------+
|                          Status                          | Count |
+----------------------------------------------------------+-------+
| Total control sets                                       |    17 |
|    Minimum number of control sets                        |    17 |
|    Addition due to synthesis replication                 |     0 |
|    Addition due to physical synthesis replication        |     0 |
| Unused register locations in slices containing registers |    26 |
+----------------------------------------------------------+-------+
* Control sets can be merged at opt_design using control_set_merge or merge_equivalent_drivers
** Run report_qor_suggestions for automated merging and remapping suggestions


2. Histogram
------------

+--------------------+-------+
|       Fanout       | Count |
+--------------------+-------+
| Total control sets |    17 |
| >= 0 to < 4        |     1 |
| >= 4 to < 6        |     1 |
| >= 6 to < 8        |     0 |
| >= 8 to < 10       |     0 |
| >= 10 to < 12      |     0 |
| >= 12 to < 14      |     0 |
| >= 14 to < 16      |     0 |
| >= 16              |    15 |
+--------------------+-------+
* Control sets can be remapped at either synth_design or opt_design


3. Flip-Flop Distribution
-------------------------

+--------------+-----------------------+------------------------+-----------------+--------------+
| Clock Enable | Synchronous Set/Reset | Asynchronous Set/Reset | Total Registers | Total Slices |
+--------------+-----------------------+------------------------+-----------------+--------------+
| No           | No                    | No                     |             979 |          220 |
| No           | No                    | Yes                    |               0 |            0 |
| No           | Yes                   | No                     |             105 |           32 |
| Yes          | No                    | No                     |             305 |           67 |
| Yes          | No                    | Yes                    |               0 |            0 |
| Yes          | Yes                   | No                     |              33 |           12 |
+--------------+-----------------------+------------------------+-----------------+--------------+


4. Detailed Control Set Information
-----------------------------------

+-----------------+---------------------------------------------------------------------------+----------------------------------------------------------------------------------------------------------------------------------+------------------+----------------+--------------+
|   Clock Signal  |                               Enable Signal                               |                                                         Set/Reset Signal                                                         | Slice Load Count | Bel Load Count | Bels / Slice |
+-----------------+---------------------------------------------------------------------------+----------------------------------------------------------------------------------------------------------------------------------+------------------+----------------+--------------+
|  ACLK_IBUF_BUFG | MO_AXIS_TVALID_i_2_n_0                                                    | MO_AXIS_TVALID_i_1_n_0                                                                                                           |                1 |              1 |         1.00 |
|  ACLK_IBUF_BUFG |                                                                           | MAC_IP/U0/i_synth/FMA_OP.OP/addsub/add/NORM/LZE/ENCODE[0].MUX_Z/OP_DEL/i_pipe/opt_has_pipe.first_q_reg[1]_0                      |                1 |              4 |         4.00 |
|  ACLK_IBUF_BUFG |                                                                           | MAC_IP/U0/i_synth/FMA_OP.OP/addsub/add/NORM/LZE/ZERO_DET_CC_1/CHAIN_GEN[7].CARRYS_DEL.NEED_DEL.CARRYS_FD_0                       |                5 |             16 |         3.20 |
|  ACLK_IBUF_BUFG |                                                                           | MAC_IP/U0/i_synth/FMA_OP.OP/addsub/add/ALIGN_BLK/ABS_DELAY/i_pipe/opt_has_pipe.first_q_reg[4]_0                                  |                4 |             16 |         4.00 |
|  ACLK_IBUF_BUFG |                                                                           | MAC_IP/U0/i_synth/FMA_OP.OP/addsub/add/EXP/conv_exp.downsize_exp/FLOW_REQ.EXP_NE.FLOW_DELAY/i_pipe/opt_has_pipe.first_q_reg[0]_0 |                5 |             22 |         4.40 |
|  ACLK_IBUF_BUFG | MAC_IP/U0/i_synth/need_combiner.use_3to1_fma.skid_buffer_combiner/p_7_in  |                                                                                                                                  |                5 |             32 |         6.40 |
|  ACLK_IBUF_BUFG | current_accum[31]_i_1_n_0                                                 | MO_AXIS_TVALID_i_1_n_0                                                                                                           |               11 |             32 |         2.91 |
|  ACLK_IBUF_BUFG | MAC_IP/U0/i_synth/need_combiner.use_3to1_fma.skid_buffer_combiner/p_17_in |                                                                                                                                  |                7 |             32 |         4.57 |
|  ACLK_IBUF_BUFG | operand_b[31]_i_1_n_0                                                     |                                                                                                                                  |                7 |             32 |         4.57 |
|  ACLK_IBUF_BUFG | MAC_IP/U0/i_synth/need_combiner.use_3to1_fma.skid_buffer_combiner/b_tx    |                                                                                                                                  |                6 |             32 |         5.33 |
|  ACLK_IBUF_BUFG | MAC_IP/U0/i_synth/need_combiner.use_3to1_fma.skid_buffer_combiner/c_tx    |                                                                                                                                  |                7 |             32 |         4.57 |
|  ACLK_IBUF_BUFG | MAC_IP/U0/i_synth/need_combiner.use_3to1_fma.skid_buffer_combiner/a_tx    |                                                                                                                                  |                7 |             32 |         4.57 |
|  ACLK_IBUF_BUFG | MAC_IP/U0/i_synth/need_combiner.use_3to1_fma.skid_buffer_combiner/p_10_in |                                                                                                                                  |                6 |             32 |         5.33 |
|  ACLK_IBUF_BUFG | stored_tid[7]_i_1_n_0                                                     |                                                                                                                                  |               10 |             40 |         4.00 |
|  ACLK_IBUF_BUFG | MO_AXIS_TDATA[31]_i_1_n_0                                                 |                                                                                                                                  |               12 |             41 |         3.42 |
|  ACLK_IBUF_BUFG |                                                                           | MAC_IP/U0/i_synth/FMA_OP.OP/addsub/add/EXP/A_ZERO_DELAY/i_pipe/opt_has_pipe.first_q_reg[0]_1                                     |               17 |             47 |         2.76 |
|  ACLK_IBUF_BUFG |                                                                           |                                                                                                                                  |              220 |           1053 |         4.79 |
+-----------------+---------------------------------------------------------------------------+----------------------------------------------------------------------------------------------------------------------------------+------------------+----------------+--------------+


